Lenovo@DESKTOP-GAGTCS4 MINGW64 /d/get refo/demo 27 aug (master)
$ git status
On branch master
Changes not staged for commit:
  (use "git add <file>..." to update what will be committed)
  (use "git restore <file>..." to discard changes in working directory)
        modified:   login.txt

Untracked files:
  (use "git add <file>..." to include in what will be committed)
        dashboard.txt

no changes added to commit (use "git add" and/or "git commit -a")

Lenovo@DESKTOP-GAGTCS4 MINGW64 /d/get refo/demo 27 aug (master)
$ git restore login.txt

Lenovo@DESKTOP-GAGTCS4 MINGW64 /d/get refo/demo 27 aug (master)
$ git add dashboard.txt

Lenovo@DESKTOP-GAGTCS4 MINGW64 /d/get refo/demo 27 aug (master)
$ git status
On branch master
Changes to be committed:
  (use "git restore --staged <file>..." to unstage)
        new file:   dashboard.txt


Lenovo@DESKTOP-GAGTCS4 MINGW64 /d/get refo/demo 27 aug (master)
$ git commit -m " adding two file"
[master 036f344]  adding two file
 1 file changed, 1 insertion(+)
 create mode 100644 dashboard.txt

Lenovo@DESKTOP-GAGTCS4 MINGW64 /d/get refo/demo 27 aug (master)
$ git remote add origin https://github.com/chinna809926/chinna809926

Lenovo@DESKTOP-GAGTCS4 MINGW64 /d/get refo/demo 27 aug (master)
$ git push origin master
Enumerating objects: 6, done.
Counting objects: 100% (6/6), done.
Delta compression using up to 4 threads
Compressing objects: 100% (3/3), done.
Writing objects: 100% (6/6), 512 bytes | 85.00 KiB/s, done.
Total 6 (delta 0), reused 0 (delta 0), pack-reused 0 (from 0)
To https://github.com/chinna809926/chinna809926
 * [new branch]      master -> master

Lenovo@DESKTOP-GAGTCS4 MINGW64 /d/get refo/demo 27 aug (master)
$
